{"@timestamp":"2025-11-15T04:07:14.408723688-05:00","level":"INFO","thread":"background-preinit","logger":"org.hibernate.validator.internal.util.Version","message":"HV000001: Hibernate Validator 8.0.1.Final","trace":"","app":"my-springboot-app","env":"local"}
{"@timestamp":"2025-11-15T04:07:14.429161911-05:00","level":"INFO","thread":"restartedMain","logger":"com.carloszaragoza.ztrun.ZtRunApplication","message":"Starting ZtRunApplication using Java 21.0.9 with PID 25234 (/home/carlos/Desktop/zt_run/backend/target/classes started by carlos in /home/carlos/Desktop/zt_run/backend)","trace":"","app":"my-springboot-app","env":"local"}
{"@timestamp":"2025-11-15T04:07:14.42965855-05:00","level":"DEBUG","thread":"restartedMain","logger":"com.carloszaragoza.ztrun.ZtRunApplication","message":"Running with Spring Boot v3.3.5, Spring v6.2.1","trace":"","app":"my-springboot-app","env":"local"}
{"@timestamp":"2025-11-15T04:07:14.430301086-05:00","level":"INFO","thread":"restartedMain","logger":"com.carloszaragoza.ztrun.ZtRunApplication","message":"No active profile set, falling back to 1 default profile: \"default\"","trace":"","app":"my-springboot-app","env":"local"}
{"@timestamp":"2025-11-15T04:07:14.456320156-05:00","level":"INFO","thread":"restartedMain","logger":"org.springframework.boot.devtools.env.DevToolsPropertyDefaultsPostProcessor","message":"Devtools property defaults active! Set 'spring.devtools.add-properties' to 'false' to disable","trace":"","app":"my-springboot-app","env":"local"}
{"@timestamp":"2025-11-15T04:07:14.456623961-05:00","level":"INFO","thread":"restartedMain","logger":"org.springframework.boot.devtools.env.DevToolsPropertyDefaultsPostProcessor","message":"For additional web related logging consider setting the 'logging.level.web' property to 'DEBUG'","trace":"","app":"my-springboot-app","env":"local"}
{"@timestamp":"2025-11-15T04:07:14.885681651-05:00","level":"INFO","thread":"restartedMain","logger":"org.springframework.data.repository.config.RepositoryConfigurationDelegate","message":"Bootstrapping Spring Data JPA repositories in DEFAULT mode.","trace":"","app":"my-springboot-app","env":"local"}
{"@timestamp":"2025-11-15T04:07:14.927877102-05:00","level":"INFO","thread":"restartedMain","logger":"org.springframework.data.repository.config.RepositoryConfigurationDelegate","message":"Finished Spring Data repository scanning in 35 ms. Found 3 JPA repository interfaces.","trace":"","app":"my-springboot-app","env":"local"}
{"@timestamp":"2025-11-15T04:07:15.331015144-05:00","level":"INFO","thread":"restartedMain","logger":"org.springframework.boot.web.embedded.tomcat.TomcatWebServer","message":"Tomcat initialized with port 8080 (http)","trace":"","app":"my-springboot-app","env":"local"}
{"@timestamp":"2025-11-15T04:07:15.338210225-05:00","level":"INFO","thread":"restartedMain","logger":"org.apache.coyote.http11.Http11NioProtocol","message":"Initializing ProtocolHandler [\"http-nio-8080\"]","trace":"","app":"my-springboot-app","env":"local"}
{"@timestamp":"2025-11-15T04:07:15.340512761-05:00","level":"INFO","thread":"restartedMain","logger":"org.apache.catalina.core.StandardService","message":"Starting service [Tomcat]","trace":"","app":"my-springboot-app","env":"local"}
{"@timestamp":"2025-11-15T04:07:15.340775828-05:00","level":"INFO","thread":"restartedMain","logger":"org.apache.catalina.core.StandardEngine","message":"Starting Servlet engine: [Apache Tomcat/10.1.31]","trace":"","app":"my-springboot-app","env":"local"}
{"@timestamp":"2025-11-15T04:07:15.372133527-05:00","level":"INFO","thread":"restartedMain","logger":"org.apache.catalina.core.ContainerBase.[Tomcat].[localhost].[/]","message":"Initializing Spring embedded WebApplicationContext","trace":"","app":"my-springboot-app","env":"local"}
{"@timestamp":"2025-11-15T04:07:15.372474813-05:00","level":"INFO","thread":"restartedMain","logger":"org.springframework.boot.web.servlet.context.ServletWebServerApplicationContext","message":"Root WebApplicationContext: initialization completed in 916 ms","trace":"","app":"my-springboot-app","env":"local"}
{"@timestamp":"2025-11-15T04:07:15.450394413-05:00","level":"INFO","thread":"restartedMain","logger":"com.zaxxer.hikari.HikariDataSource","message":"HikariPool-1 - Starting...","trace":"","app":"my-springboot-app","env":"local"}
{"@timestamp":"2025-11-15T04:07:15.549338934-05:00","level":"INFO","thread":"restartedMain","logger":"com.zaxxer.hikari.pool.HikariPool","message":"HikariPool-1 - Added connection org.postgresql.jdbc.PgConnection@4f887825","trace":"","app":"my-springboot-app","env":"local"}
{"@timestamp":"2025-11-15T04:07:15.550789168-05:00","level":"INFO","thread":"restartedMain","logger":"com.zaxxer.hikari.HikariDataSource","message":"HikariPool-1 - Start completed.","trace":"","app":"my-springboot-app","env":"local"}
{"@timestamp":"2025-11-15T04:07:15.819095319-05:00","level":"INFO","thread":"restartedMain","logger":"liquibase.changelog","message":"Creating database history table with name: public.databasechangelog","trace":"","app":"my-springboot-app","env":"local"}
{"@timestamp":"2025-11-15T04:07:15.878389185-05:00","level":"INFO","thread":"restartedMain","logger":"liquibase.changelog","message":"Reading from public.databasechangelog","trace":"","app":"my-springboot-app","env":"local"}
{"@timestamp":"2025-11-15T04:07:15.958816688-05:00","level":"INFO","thread":"restartedMain","logger":"liquibase.lockservice","message":"Successfully acquired change log lock","trace":"","app":"my-springboot-app","env":"local"}
{"@timestamp":"2025-11-15T04:07:15.959903003-05:00","level":"INFO","thread":"restartedMain","logger":"liquibase.command","message":"Using deploymentId: 3197635959","trace":"","app":"my-springboot-app","env":"local"}
{"@timestamp":"2025-11-15T04:07:15.961135454-05:00","level":"INFO","thread":"restartedMain","logger":"liquibase.changelog","message":"Reading from public.databasechangelog","trace":"","app":"my-springboot-app","env":"local"}
{"@timestamp":"2025-11-15T04:07:15.994733652-05:00","level":"INFO","thread":"restartedMain","logger":"liquibase.ui","message":"Running Changeset: db/changelog/changes/001-create-roles-table.yaml::001-create-roles-table::carlos","trace":"","app":"my-springboot-app","env":"local"}
{"@timestamp":"2025-11-15T04:07:16.005160786-05:00","level":"INFO","thread":"restartedMain","logger":"liquibase.changelog","message":"Table roles created","trace":"","app":"my-springboot-app","env":"local"}
{"@timestamp":"2025-11-15T04:07:16.006489269-05:00","level":"INFO","thread":"restartedMain","logger":"liquibase.changelog","message":"ChangeSet db/changelog/changes/001-create-roles-table.yaml::001-create-roles-table::carlos ran successfully in 11ms","trace":"","app":"my-springboot-app","env":"local"}
{"@timestamp":"2025-11-15T04:07:16.011356176-05:00","level":"INFO","thread":"restartedMain","logger":"liquibase.ui","message":"Running Changeset: db/changelog/changes/002-create-permissions-table.yaml::002-create-permissions-table::carlos","trace":"","app":"my-springboot-app","env":"local"}
{"@timestamp":"2025-11-15T04:07:16.01807182-05:00","level":"INFO","thread":"restartedMain","logger":"liquibase.changelog","message":"Table permissions created","trace":"","app":"my-springboot-app","env":"local"}
{"@timestamp":"2025-11-15T04:07:16.019062414-05:00","level":"INFO","thread":"restartedMain","logger":"liquibase.changelog","message":"ChangeSet db/changelog/changes/002-create-permissions-table.yaml::002-create-permissions-table::carlos ran successfully in 7ms","trace":"","app":"my-springboot-app","env":"local"}
{"@timestamp":"2025-11-15T04:07:16.023052341-05:00","level":"INFO","thread":"restartedMain","logger":"liquibase.ui","message":"Running Changeset: db/changelog/changes/003-create-role-permissions-table.yaml::003-create-role-permissions-table::carlos","trace":"","app":"my-springboot-app","env":"local"}
{"@timestamp":"2025-11-15T04:07:16.025782966-05:00","level":"INFO","thread":"restartedMain","logger":"liquibase.changelog","message":"Table role_permissions created","trace":"","app":"my-springboot-app","env":"local"}
{"@timestamp":"2025-11-15T04:07:16.02885074-05:00","level":"INFO","thread":"restartedMain","logger":"liquibase.changelog","message":"Primary key added to role_permissions (role_id, permission_id)","trace":"","app":"my-springboot-app","env":"local"}
{"@timestamp":"2025-11-15T04:07:16.033441965-05:00","level":"INFO","thread":"restartedMain","logger":"liquibase.changelog","message":"Foreign key constraint added to role_permissions (role_id)","trace":"","app":"my-springboot-app","env":"local"}
{"@timestamp":"2025-11-15T04:07:16.036145409-05:00","level":"INFO","thread":"restartedMain","logger":"liquibase.changelog","message":"Foreign key constraint added to role_permissions (permission_id)","trace":"","app":"my-springboot-app","env":"local"}
{"@timestamp":"2025-11-15T04:07:16.036832188-05:00","level":"INFO","thread":"restartedMain","logger":"liquibase.changelog","message":"ChangeSet db/changelog/changes/003-create-role-permissions-table.yaml::003-create-role-permissions-table::carlos ran successfully in 13ms","trace":"","app":"my-springboot-app","env":"local"}
{"@timestamp":"2025-11-15T04:07:16.040090883-05:00","level":"INFO","thread":"restartedMain","logger":"liquibase.ui","message":"Running Changeset: db/changelog/changes/004-create-users-table.yaml::004-create-users-table::carlos","trace":"","app":"my-springboot-app","env":"local"}
{"@timestamp":"2025-11-15T04:07:16.047791109-05:00","level":"INFO","thread":"restartedMain","logger":"liquibase.changelog","message":"Table users created","trace":"","app":"my-springboot-app","env":"local"}
{"@timestamp":"2025-11-15T04:07:16.048577466-05:00","level":"INFO","thread":"restartedMain","logger":"liquibase.changelog","message":"ChangeSet db/changelog/changes/004-create-users-table.yaml::004-create-users-table::carlos ran successfully in 8ms","trace":"","app":"my-springboot-app","env":"local"}
{"@timestamp":"2025-11-15T04:07:16.051314534-05:00","level":"INFO","thread":"restartedMain","logger":"liquibase.ui","message":"Running Changeset: db/changelog/changes/005-create-user-roles-table.yaml::005-create-user-roles-table::carlos","trace":"","app":"my-springboot-app","env":"local"}
{"@timestamp":"2025-11-15T04:07:16.053366776-05:00","level":"INFO","thread":"restartedMain","logger":"liquibase.changelog","message":"Table user_roles created","trace":"","app":"my-springboot-app","env":"local"}
{"@timestamp":"2025-11-15T04:07:16.055533334-05:00","level":"INFO","thread":"restartedMain","logger":"liquibase.changelog","message":"Primary key added to user_roles (user_id, role_id)","trace":"","app":"my-springboot-app","env":"local"}
{"@timestamp":"2025-11-15T04:07:16.057902907-05:00","level":"INFO","thread":"restartedMain","logger":"liquibase.changelog","message":"Foreign key constraint added to user_roles (user_id)","trace":"","app":"my-springboot-app","env":"local"}
{"@timestamp":"2025-11-15T04:07:16.059901117-05:00","level":"INFO","thread":"restartedMain","logger":"liquibase.changelog","message":"Foreign key constraint added to user_roles (role_id)","trace":"","app":"my-springboot-app","env":"local"}
{"@timestamp":"2025-11-15T04:07:16.060686022-05:00","level":"INFO","thread":"restartedMain","logger":"liquibase.changelog","message":"ChangeSet db/changelog/changes/005-create-user-roles-table.yaml::005-create-user-roles-table::carlos ran successfully in 9ms","trace":"","app":"my-springboot-app","env":"local"}
{"@timestamp":"2025-11-15T04:07:16.069369358-05:00","level":"INFO","thread":"restartedMain","logger":"liquibase.ui","message":"Running Changeset: db/changelog/changes/006-create-activity-logs-table.yaml::006-create-activity-logs-table::carlos","trace":"","app":"my-springboot-app","env":"local"}
{"@timestamp":"2025-11-15T04:07:16.073896251-05:00","level":"INFO","thread":"restartedMain","logger":"liquibase.changelog","message":"Table activity_logs created","trace":"","app":"my-springboot-app","env":"local"}
{"@timestamp":"2025-11-15T04:07:16.075940738-05:00","level":"INFO","thread":"restartedMain","logger":"liquibase.changelog","message":"Foreign key constraint added to activity_logs (user_id)","trace":"","app":"my-springboot-app","env":"local"}
{"@timestamp":"2025-11-15T04:07:16.076642195-05:00","level":"INFO","thread":"restartedMain","logger":"liquibase.changelog","message":"ChangeSet db/changelog/changes/006-create-activity-logs-table.yaml::006-create-activity-logs-table::carlos ran successfully in 7ms","trace":"","app":"my-springboot-app","env":"local"}
{"@timestamp":"2025-11-15T04:07:16.079302648-05:00","level":"INFO","thread":"restartedMain","logger":"liquibase.ui","message":"Running Changeset: db/changelog/data/007-insert-roles.yaml::007-insert-roles::carlos","trace":"","app":"my-springboot-app","env":"local"}
{"@timestamp":"2025-11-15T04:07:16.081504143-05:00","level":"INFO","thread":"restartedMain","logger":"liquibase.changelog","message":"New row inserted into roles","trace":"","app":"my-springboot-app","env":"local"}
{"@timestamp":"2025-11-15T04:07:16.082751753-05:00","level":"INFO","thread":"restartedMain","logger":"liquibase.changelog","message":"New row inserted into roles","trace":"","app":"my-springboot-app","env":"local"}
{"@timestamp":"2025-11-15T04:07:16.083455194-05:00","level":"INFO","thread":"restartedMain","logger":"liquibase.changelog","message":"ChangeSet db/changelog/data/007-insert-roles.yaml::007-insert-roles::carlos ran successfully in 4ms","trace":"","app":"my-springboot-app","env":"local"}
{"@timestamp":"2025-11-15T04:07:16.087399755-05:00","level":"INFO","thread":"restartedMain","logger":"liquibase.ui","message":"Running Changeset: db/changelog/data/008-insert-permissions.yaml::008-insert-permissions::carlos","trace":"","app":"my-springboot-app","env":"local"}
{"@timestamp":"2025-11-15T04:07:16.089815355-05:00","level":"INFO","thread":"restartedMain","logger":"liquibase.changelog","message":"New row inserted into permissions","trace":"","app":"my-springboot-app","env":"local"}
{"@timestamp":"2025-11-15T04:07:16.091243616-05:00","level":"INFO","thread":"restartedMain","logger":"liquibase.changelog","message":"New row inserted into permissions","trace":"","app":"my-springboot-app","env":"local"}
{"@timestamp":"2025-11-15T04:07:16.0923824-05:00","level":"INFO","thread":"restartedMain","logger":"liquibase.changelog","message":"New row inserted into permissions","trace":"","app":"my-springboot-app","env":"local"}
{"@timestamp":"2025-11-15T04:07:16.093494584-05:00","level":"INFO","thread":"restartedMain","logger":"liquibase.changelog","message":"New row inserted into permissions","trace":"","app":"my-springboot-app","env":"local"}
{"@timestamp":"2025-11-15T04:07:16.094482483-05:00","level":"INFO","thread":"restartedMain","logger":"liquibase.changelog","message":"New row inserted into permissions","trace":"","app":"my-springboot-app","env":"local"}
{"@timestamp":"2025-11-15T04:07:16.095109389-05:00","level":"INFO","thread":"restartedMain","logger":"liquibase.changelog","message":"ChangeSet db/changelog/data/008-insert-permissions.yaml::008-insert-permissions::carlos ran successfully in 8ms","trace":"","app":"my-springboot-app","env":"local"}
{"@timestamp":"2025-11-15T04:07:16.096892803-05:00","level":"INFO","thread":"restartedMain","logger":"liquibase.ui","message":"Running Changeset: db/changelog/data/009-insert-role-permissions.yaml::009-insert-role-permissions-admin::carlos","trace":"","app":"my-springboot-app","env":"local"}
{"@timestamp":"2025-11-15T04:07:16.104654315-05:00","level":"INFO","thread":"restartedMain","logger":"liquibase.changelog","message":"Custom SQL executed","trace":"","app":"my-springboot-app","env":"local"}
{"@timestamp":"2025-11-15T04:07:16.10533899-05:00","level":"INFO","thread":"restartedMain","logger":"liquibase.changelog","message":"ChangeSet db/changelog/data/009-insert-role-permissions.yaml::009-insert-role-permissions-admin::carlos ran successfully in 8ms","trace":"","app":"my-springboot-app","env":"local"}
{"@timestamp":"2025-11-15T04:07:16.107367227-05:00","level":"INFO","thread":"restartedMain","logger":"liquibase.ui","message":"Running Changeset: db/changelog/data/009-insert-role-permissions.yaml::009-insert-role-permissions-user::carlos","trace":"","app":"my-springboot-app","env":"local"}
{"@timestamp":"2025-11-15T04:07:16.110235152-05:00","level":"INFO","thread":"restartedMain","logger":"liquibase.changelog","message":"Custom SQL executed","trace":"","app":"my-springboot-app","env":"local"}
{"@timestamp":"2025-11-15T04:07:16.111075612-05:00","level":"INFO","thread":"restartedMain","logger":"liquibase.changelog","message":"ChangeSet db/changelog/data/009-insert-role-permissions.yaml::009-insert-role-permissions-user::carlos ran successfully in 3ms","trace":"","app":"my-springboot-app","env":"local"}
{"@timestamp":"2025-11-15T04:07:16.114230089-05:00","level":"INFO","thread":"restartedMain","logger":"liquibase.ui","message":"Running Changeset: db/changelog/data/010-insert-test-users.yaml::010-insert-test-users::carlos","trace":"","app":"my-springboot-app","env":"local"}
{"@timestamp":"2025-11-15T04:07:16.116652251-05:00","level":"INFO","thread":"restartedMain","logger":"liquibase.changelog","message":"New row inserted into users","trace":"","app":"my-springboot-app","env":"local"}
{"@timestamp":"2025-11-15T04:07:16.117978219-05:00","level":"INFO","thread":"restartedMain","logger":"liquibase.changelog","message":"New row inserted into users","trace":"","app":"my-springboot-app","env":"local"}
{"@timestamp":"2025-11-15T04:07:16.118852984-05:00","level":"INFO","thread":"restartedMain","logger":"liquibase.changelog","message":"ChangeSet db/changelog/data/010-insert-test-users.yaml::010-insert-test-users::carlos ran successfully in 4ms","trace":"","app":"my-springboot-app","env":"local"}
{"@timestamp":"2025-11-15T04:07:16.120794888-05:00","level":"INFO","thread":"restartedMain","logger":"liquibase.ui","message":"Running Changeset: db/changelog/data/011-insert-test-user-roles.yaml::011-insert-user-roles-admin::carlos","trace":"","app":"my-springboot-app","env":"local"}
{"@timestamp":"2025-11-15T04:07:16.123573895-05:00","level":"INFO","thread":"restartedMain","logger":"liquibase.changelog","message":"Custom SQL executed","trace":"","app":"my-springboot-app","env":"local"}
{"@timestamp":"2025-11-15T04:07:16.124371494-05:00","level":"INFO","thread":"restartedMain","logger":"liquibase.changelog","message":"ChangeSet db/changelog/data/011-insert-test-user-roles.yaml::011-insert-user-roles-admin::carlos ran successfully in 4ms","trace":"","app":"my-springboot-app","env":"local"}
{"@timestamp":"2025-11-15T04:07:16.126266969-05:00","level":"INFO","thread":"restartedMain","logger":"liquibase.ui","message":"Running Changeset: db/changelog/data/011-insert-test-user-roles.yaml::011-insert-user-roles-user1::carlos","trace":"","app":"my-springboot-app","env":"local"}
{"@timestamp":"2025-11-15T04:07:16.128177112-05:00","level":"INFO","thread":"restartedMain","logger":"liquibase.changelog","message":"Custom SQL executed","trace":"","app":"my-springboot-app","env":"local"}
{"@timestamp":"2025-11-15T04:07:16.128734016-05:00","level":"INFO","thread":"restartedMain","logger":"liquibase.changelog","message":"ChangeSet db/changelog/data/011-insert-test-user-roles.yaml::011-insert-user-roles-user1::carlos ran successfully in 2ms","trace":"","app":"my-springboot-app","env":"local"}
{"@timestamp":"2025-11-15T04:07:16.133658863-05:00","level":"INFO","thread":"restartedMain","logger":"liquibase.util","message":"UPDATE SUMMARY","trace":"","app":"my-springboot-app","env":"local"}
{"@timestamp":"2025-11-15T04:07:16.133886092-05:00","level":"INFO","thread":"restartedMain","logger":"liquibase.util","message":"Run:                         13","trace":"","app":"my-springboot-app","env":"local"}
{"@timestamp":"2025-11-15T04:07:16.134012862-05:00","level":"INFO","thread":"restartedMain","logger":"liquibase.util","message":"Previously run:               0","trace":"","app":"my-springboot-app","env":"local"}
{"@timestamp":"2025-11-15T04:07:16.134112901-05:00","level":"INFO","thread":"restartedMain","logger":"liquibase.util","message":"Filtered out:                 0","trace":"","app":"my-springboot-app","env":"local"}
{"@timestamp":"2025-11-15T04:07:16.134200287-05:00","level":"INFO","thread":"restartedMain","logger":"liquibase.util","message":"-------------------------------","trace":"","app":"my-springboot-app","env":"local"}
{"@timestamp":"2025-11-15T04:07:16.134272854-05:00","level":"INFO","thread":"restartedMain","logger":"liquibase.util","message":"Total change sets:           13","trace":"","app":"my-springboot-app","env":"local"}
{"@timestamp":"2025-11-15T04:07:16.13473611-05:00","level":"INFO","thread":"restartedMain","logger":"liquibase.util","message":"Update summary generated","trace":"","app":"my-springboot-app","env":"local"}
{"@timestamp":"2025-11-15T04:07:16.136124537-05:00","level":"INFO","thread":"restartedMain","logger":"liquibase.command","message":"Update command completed successfully.","trace":"","app":"my-springboot-app","env":"local"}
{"@timestamp":"2025-11-15T04:07:16.13625852-05:00","level":"INFO","thread":"restartedMain","logger":"liquibase.ui","message":"Liquibase: Update has been successful. Rows affected: 30","trace":"","app":"my-springboot-app","env":"local"}
{"@timestamp":"2025-11-15T04:07:16.138115613-05:00","level":"INFO","thread":"restartedMain","logger":"liquibase.lockservice","message":"Successfully released change log lock","trace":"","app":"my-springboot-app","env":"local"}
{"@timestamp":"2025-11-15T04:07:16.138884247-05:00","level":"INFO","thread":"restartedMain","logger":"liquibase.command","message":"Command execution complete","trace":"","app":"my-springboot-app","env":"local"}
{"@timestamp":"2025-11-15T04:07:16.187110755-05:00","level":"INFO","thread":"restartedMain","logger":"org.hibernate.jpa.internal.util.LogHelper","message":"HHH000204: Processing PersistenceUnitInfo [name: default]","trace":"","app":"my-springboot-app","env":"local"}
{"@timestamp":"2025-11-15T04:07:16.213157417-05:00","level":"INFO","thread":"restartedMain","logger":"org.hibernate.Version","message":"HHH000412: Hibernate ORM core version 6.5.3.Final","trace":"","app":"my-springboot-app","env":"local"}
{"@timestamp":"2025-11-15T04:07:16.229859001-05:00","level":"INFO","thread":"restartedMain","logger":"org.hibernate.cache.internal.RegionFactoryInitiator","message":"HHH000026: Second-level cache disabled","trace":"","app":"my-springboot-app","env":"local"}
{"@timestamp":"2025-11-15T04:07:16.379187541-05:00","level":"INFO","thread":"restartedMain","logger":"org.springframework.orm.jpa.persistenceunit.SpringPersistenceUnitInfo","message":"No LoadTimeWeaver setup: ignoring JPA class transformer","trace":"","app":"my-springboot-app","env":"local"}
{"@timestamp":"2025-11-15T04:07:16.402476206-05:00","level":"WARN","thread":"restartedMain","logger":"org.hibernate.orm.deprecation","message":"HHH90000025: PostgreSQLDialect does not need to be specified explicitly using 'hibernate.dialect' (remove the property setting and it will be selected by default)","trace":"","app":"my-springboot-app","env":"local"}
{"@timestamp":"2025-11-15T04:07:16.866748325-05:00","level":"INFO","thread":"restartedMain","logger":"org.hibernate.engine.transaction.jta.platform.internal.JtaPlatformInitiator","message":"HHH000489: No JTA platform available (set 'hibernate.transaction.jta.platform' to enable JTA platform integration)","trace":"","app":"my-springboot-app","env":"local"}
{"@timestamp":"2025-11-15T04:07:16.890736252-05:00","level":"INFO","thread":"restartedMain","logger":"org.springframework.orm.jpa.LocalContainerEntityManagerFactoryBean","message":"Initialized JPA EntityManagerFactory for persistence unit 'default'","trace":"","app":"my-springboot-app","env":"local"}
{"@timestamp":"2025-11-15T04:07:17.146355446-05:00","level":"WARN","thread":"restartedMain","logger":"org.springframework.boot.autoconfigure.orm.jpa.JpaBaseConfiguration$JpaWebConfiguration","message":"spring.jpa.open-in-view is enabled by default. Therefore, database queries may be performed during view rendering. Explicitly configure spring.jpa.open-in-view to disable this warning","trace":"","app":"my-springboot-app","env":"local"}
{"@timestamp":"2025-11-15T04:07:17.168352186-05:00","level":"INFO","thread":"restartedMain","logger":"org.springframework.security.config.annotation.authentication.configuration.InitializeUserDetailsBeanManagerConfigurer$InitializeUserDetailsManagerConfigurer","message":"Global AuthenticationManager configured with UserDetailsService bean with name customUserDetailsService","trace":"","app":"my-springboot-app","env":"local"}
{"@timestamp":"2025-11-15T04:07:17.508386833-05:00","level":"INFO","thread":"restartedMain","logger":"org.springframework.boot.devtools.autoconfigure.OptionalLiveReloadServer","message":"LiveReload server is running on port 35729","trace":"","app":"my-springboot-app","env":"local"}
{"@timestamp":"2025-11-15T04:07:17.517608478-05:00","level":"INFO","thread":"restartedMain","logger":"org.apache.coyote.http11.Http11NioProtocol","message":"Starting ProtocolHandler [\"http-nio-8080\"]","trace":"","app":"my-springboot-app","env":"local"}
{"@timestamp":"2025-11-15T04:07:17.526088459-05:00","level":"INFO","thread":"restartedMain","logger":"org.springframework.boot.web.embedded.tomcat.TomcatWebServer","message":"Tomcat started on port 8080 (http) with context path '/'","trace":"","app":"my-springboot-app","env":"local"}
{"@timestamp":"2025-11-15T04:07:17.532291803-05:00","level":"INFO","thread":"restartedMain","logger":"com.carloszaragoza.ztrun.ZtRunApplication","message":"Started ZtRunApplication in 3.569 seconds (process running for 3.83)","trace":"","app":"my-springboot-app","env":"local"}
{"@timestamp":"2025-11-15T04:07:17.853052892-05:00","level":"INFO","thread":"http-nio-8080-exec-1","logger":"org.apache.catalina.core.ContainerBase.[Tomcat].[localhost].[/]","message":"Initializing Spring DispatcherServlet 'dispatcherServlet'","trace":"","app":"my-springboot-app","env":"local"}
{"@timestamp":"2025-11-15T04:07:17.853455954-05:00","level":"INFO","thread":"http-nio-8080-exec-1","logger":"org.springframework.web.servlet.DispatcherServlet","message":"Initializing Servlet 'dispatcherServlet'","trace":"","app":"my-springboot-app","env":"local"}
{"@timestamp":"2025-11-15T04:07:17.854639473-05:00","level":"INFO","thread":"http-nio-8080-exec-1","logger":"org.springframework.web.servlet.DispatcherServlet","message":"Completed initialization in 1 ms","trace":"","app":"my-springboot-app","env":"local"}
{"@timestamp":"2025-11-15T04:07:18.069957228-05:00","level":"ERROR","thread":"http-nio-8080-exec-1","logger":"org.apache.catalina.core.ContainerBase.[Tomcat].[localhost].[/].[dispatcherServlet]","message":"Servlet.service() for servlet [dispatcherServlet] in context with path [] threw exception [Request processing failed: java.lang.IllegalArgumentException: Credenciales inválidas] with root cause","trace":"java.lang.IllegalArgumentException: Credenciales inválidas\n\tat com.carloszaragoza.ztrun.application.service.AuthServiceImpl.login(AuthServiceImpl.java:37)\n\tat com.carloszaragoza.ztrun.infrastructure.web.controller.AuthController.login(AuthController.java:24)\n\tat java.base/jdk.internal.reflect.DirectMethodHandleAccessor.invoke(DirectMethodHandleAccessor.java:103)\n\tat java.base/java.lang.reflect.Method.invoke(Method.java:580)\n\tat org.springframework.web.method.support.InvocableHandlerMethod.doInvoke(InvocableHandlerMethod.java:257)\n","app":"my-springboot-app","env":"local"}
{"@timestamp":"2025-11-15T04:07:19.794817619-05:00","level":"ERROR","thread":"http-nio-8080-exec-3","logger":"org.apache.catalina.core.ContainerBase.[Tomcat].[localhost].[/].[dispatcherServlet]","message":"Servlet.service() for servlet [dispatcherServlet] in context with path [] threw exception [Request processing failed: java.lang.IllegalArgumentException: Credenciales inválidas] with root cause","trace":"java.lang.IllegalArgumentException: Credenciales inválidas\n\tat com.carloszaragoza.ztrun.application.service.AuthServiceImpl.login(AuthServiceImpl.java:37)\n\tat com.carloszaragoza.ztrun.infrastructure.web.controller.AuthController.login(AuthController.java:24)\n\tat java.base/jdk.internal.reflect.DirectMethodHandleAccessor.invoke(DirectMethodHandleAccessor.java:103)\n\tat java.base/java.lang.reflect.Method.invoke(Method.java:580)\n\tat org.springframework.web.method.support.InvocableHandlerMethod.doInvoke(InvocableHandlerMethod.java:257)\n","app":"my-springboot-app","env":"local"}
{"@timestamp":"2025-11-15T04:07:20.469465406-05:00","level":"ERROR","thread":"http-nio-8080-exec-4","logger":"org.apache.catalina.core.ContainerBase.[Tomcat].[localhost].[/].[dispatcherServlet]","message":"Servlet.service() for servlet [dispatcherServlet] in context with path [] threw exception [Request processing failed: java.lang.IllegalArgumentException: Credenciales inválidas] with root cause","trace":"java.lang.IllegalArgumentException: Credenciales inválidas\n\tat com.carloszaragoza.ztrun.application.service.AuthServiceImpl.login(AuthServiceImpl.java:37)\n\tat com.carloszaragoza.ztrun.infrastructure.web.controller.AuthController.login(AuthController.java:24)\n\tat java.base/jdk.internal.reflect.DirectMethodHandleAccessor.invoke(DirectMethodHandleAccessor.java:103)\n\tat java.base/java.lang.reflect.Method.invoke(Method.java:580)\n\tat org.springframework.web.method.support.InvocableHandlerMethod.doInvoke(InvocableHandlerMethod.java:257)\n","app":"my-springboot-app","env":"local"}
{"@timestamp":"2025-11-15T04:07:21.931147287-05:00","level":"ERROR","thread":"http-nio-8080-exec-5","logger":"org.apache.catalina.core.ContainerBase.[Tomcat].[localhost].[/].[dispatcherServlet]","message":"Servlet.service() for servlet [dispatcherServlet] in context with path [] threw exception [Request processing failed: java.lang.IllegalArgumentException: Credenciales inválidas] with root cause","trace":"java.lang.IllegalArgumentException: Credenciales inválidas\n\tat com.carloszaragoza.ztrun.application.service.AuthServiceImpl.login(AuthServiceImpl.java:37)\n\tat com.carloszaragoza.ztrun.infrastructure.web.controller.AuthController.login(AuthController.java:24)\n\tat java.base/jdk.internal.reflect.DirectMethodHandleAccessor.invoke(DirectMethodHandleAccessor.java:103)\n\tat java.base/java.lang.reflect.Method.invoke(Method.java:580)\n\tat org.springframework.web.method.support.InvocableHandlerMethod.doInvoke(InvocableHandlerMethod.java:257)\n","app":"my-springboot-app","env":"local"}
{"@timestamp":"2025-11-15T04:07:31.029689992-05:00","level":"ERROR","thread":"http-nio-8080-exec-6","logger":"org.apache.catalina.core.ContainerBase.[Tomcat].[localhost].[/].[dispatcherServlet]","message":"Servlet.service() for servlet [dispatcherServlet] in context with path [] threw exception [Request processing failed: java.lang.IllegalArgumentException: Credenciales inválidas] with root cause","trace":"java.lang.IllegalArgumentException: Credenciales inválidas\n\tat com.carloszaragoza.ztrun.application.service.AuthServiceImpl.login(AuthServiceImpl.java:37)\n\tat com.carloszaragoza.ztrun.infrastructure.web.controller.AuthController.login(AuthController.java:24)\n\tat java.base/jdk.internal.reflect.DirectMethodHandleAccessor.invoke(DirectMethodHandleAccessor.java:103)\n\tat java.base/java.lang.reflect.Method.invoke(Method.java:580)\n\tat org.springframework.web.method.support.InvocableHandlerMethod.doInvoke(InvocableHandlerMethod.java:257)\n","app":"my-springboot-app","env":"local"}
{"@timestamp":"2025-11-15T04:08:19.759026809-05:00","level":"INFO","thread":"SpringApplicationShutdownHook","logger":"org.springframework.orm.jpa.LocalContainerEntityManagerFactoryBean","message":"Closing JPA EntityManagerFactory for persistence unit 'default'","trace":"","app":"my-springboot-app","env":"local"}
{"@timestamp":"2025-11-15T04:08:19.760824949-05:00","level":"INFO","thread":"SpringApplicationShutdownHook","logger":"com.zaxxer.hikari.HikariDataSource","message":"HikariPool-1 - Shutdown initiated...","trace":"","app":"my-springboot-app","env":"local"}
{"@timestamp":"2025-11-15T04:08:19.764470421-05:00","level":"INFO","thread":"SpringApplicationShutdownHook","logger":"com.zaxxer.hikari.HikariDataSource","message":"HikariPool-1 - Shutdown completed.","trace":"","app":"my-springboot-app","env":"local"}
{"@timestamp":"2025-11-15T04:08:23.892770653-05:00","level":"INFO","thread":"background-preinit","logger":"org.hibernate.validator.internal.util.Version","message":"HV000001: Hibernate Validator 8.0.1.Final","trace":"","app":"my-springboot-app","env":"local"}
{"@timestamp":"2025-11-15T04:08:23.912416936-05:00","level":"INFO","thread":"restartedMain","logger":"com.carloszaragoza.ztrun.ZtRunApplication","message":"Starting ZtRunApplication using Java 21.0.9 with PID 25669 (/home/carlos/Desktop/zt_run/backend/target/classes started by carlos in /home/carlos/Desktop/zt_run/backend)","trace":"","app":"my-springboot-app","env":"local"}
{"@timestamp":"2025-11-15T04:08:23.912859573-05:00","level":"DEBUG","thread":"restartedMain","logger":"com.carloszaragoza.ztrun.ZtRunApplication","message":"Running with Spring Boot v3.3.5, Spring v6.2.1","trace":"","app":"my-springboot-app","env":"local"}
{"@timestamp":"2025-11-15T04:08:23.913391638-05:00","level":"INFO","thread":"restartedMain","logger":"com.carloszaragoza.ztrun.ZtRunApplication","message":"No active profile set, falling back to 1 default profile: \"default\"","trace":"","app":"my-springboot-app","env":"local"}
{"@timestamp":"2025-11-15T04:08:23.944691002-05:00","level":"INFO","thread":"restartedMain","logger":"org.springframework.boot.devtools.env.DevToolsPropertyDefaultsPostProcessor","message":"Devtools property defaults active! Set 'spring.devtools.add-properties' to 'false' to disable","trace":"","app":"my-springboot-app","env":"local"}
{"@timestamp":"2025-11-15T04:08:23.944971482-05:00","level":"INFO","thread":"restartedMain","logger":"org.springframework.boot.devtools.env.DevToolsPropertyDefaultsPostProcessor","message":"For additional web related logging consider setting the 'logging.level.web' property to 'DEBUG'","trace":"","app":"my-springboot-app","env":"local"}
{"@timestamp":"2025-11-15T04:08:24.378760711-05:00","level":"INFO","thread":"restartedMain","logger":"org.springframework.data.repository.config.RepositoryConfigurationDelegate","message":"Bootstrapping Spring Data JPA repositories in DEFAULT mode.","trace":"","app":"my-springboot-app","env":"local"}
{"@timestamp":"2025-11-15T04:08:24.414196975-05:00","level":"INFO","thread":"restartedMain","logger":"org.springframework.data.repository.config.RepositoryConfigurationDelegate","message":"Finished Spring Data repository scanning in 30 ms. Found 3 JPA repository interfaces.","trace":"","app":"my-springboot-app","env":"local"}
{"@timestamp":"2025-11-15T04:08:24.795324131-05:00","level":"INFO","thread":"restartedMain","logger":"org.springframework.boot.web.embedded.tomcat.TomcatWebServer","message":"Tomcat initialized with port 8080 (http)","trace":"","app":"my-springboot-app","env":"local"}
{"@timestamp":"2025-11-15T04:08:24.801657425-05:00","level":"INFO","thread":"restartedMain","logger":"org.apache.coyote.http11.Http11NioProtocol","message":"Initializing ProtocolHandler [\"http-nio-8080\"]","trace":"","app":"my-springboot-app","env":"local"}
{"@timestamp":"2025-11-15T04:08:24.803662045-05:00","level":"INFO","thread":"restartedMain","logger":"org.apache.catalina.core.StandardService","message":"Starting service [Tomcat]","trace":"","app":"my-springboot-app","env":"local"}
{"@timestamp":"2025-11-15T04:08:24.803863606-05:00","level":"INFO","thread":"restartedMain","logger":"org.apache.catalina.core.StandardEngine","message":"Starting Servlet engine: [Apache Tomcat/10.1.31]","trace":"","app":"my-springboot-app","env":"local"}
{"@timestamp":"2025-11-15T04:08:24.833179549-05:00","level":"INFO","thread":"restartedMain","logger":"org.apache.catalina.core.ContainerBase.[Tomcat].[localhost].[/]","message":"Initializing Spring embedded WebApplicationContext","trace":"","app":"my-springboot-app","env":"local"}
{"@timestamp":"2025-11-15T04:08:24.833541994-05:00","level":"INFO","thread":"restartedMain","logger":"org.springframework.boot.web.servlet.context.ServletWebServerApplicationContext","message":"Root WebApplicationContext: initialization completed in 888 ms","trace":"","app":"my-springboot-app","env":"local"}
{"@timestamp":"2025-11-15T04:08:24.911772174-05:00","level":"INFO","thread":"restartedMain","logger":"com.zaxxer.hikari.HikariDataSource","message":"HikariPool-1 - Starting...","trace":"","app":"my-springboot-app","env":"local"}
{"@timestamp":"2025-11-15T04:08:25.006673551-05:00","level":"INFO","thread":"restartedMain","logger":"com.zaxxer.hikari.pool.HikariPool","message":"HikariPool-1 - Added connection org.postgresql.jdbc.PgConnection@8fd5a62","trace":"","app":"my-springboot-app","env":"local"}
{"@timestamp":"2025-11-15T04:08:25.007827663-05:00","level":"INFO","thread":"restartedMain","logger":"com.zaxxer.hikari.HikariDataSource","message":"HikariPool-1 - Start completed.","trace":"","app":"my-springboot-app","env":"local"}
{"@timestamp":"2025-11-15T04:08:25.262251163-05:00","level":"INFO","thread":"restartedMain","logger":"liquibase.changelog","message":"Creating database history table with name: public.databasechangelog","trace":"","app":"my-springboot-app","env":"local"}
{"@timestamp":"2025-11-15T04:08:25.31647192-05:00","level":"INFO","thread":"restartedMain","logger":"liquibase.changelog","message":"Reading from public.databasechangelog","trace":"","app":"my-springboot-app","env":"local"}
{"@timestamp":"2025-11-15T04:08:25.384140681-05:00","level":"INFO","thread":"restartedMain","logger":"liquibase.lockservice","message":"Successfully acquired change log lock","trace":"","app":"my-springboot-app","env":"local"}
{"@timestamp":"2025-11-15T04:08:25.385414179-05:00","level":"INFO","thread":"restartedMain","logger":"liquibase.command","message":"Using deploymentId: 3197705385","trace":"","app":"my-springboot-app","env":"local"}
{"@timestamp":"2025-11-15T04:08:25.386826489-05:00","level":"INFO","thread":"restartedMain","logger":"liquibase.changelog","message":"Reading from public.databasechangelog","trace":"","app":"my-springboot-app","env":"local"}
{"@timestamp":"2025-11-15T04:08:25.414666342-05:00","level":"INFO","thread":"restartedMain","logger":"liquibase.ui","message":"Running Changeset: db/changelog/changes/001-create-roles-table.yaml::001-create-roles-table::carlos","trace":"","app":"my-springboot-app","env":"local"}
{"@timestamp":"2025-11-15T04:08:25.423755846-05:00","level":"INFO","thread":"restartedMain","logger":"liquibase.changelog","message":"Table roles created","trace":"","app":"my-springboot-app","env":"local"}
{"@timestamp":"2025-11-15T04:08:25.424893597-05:00","level":"INFO","thread":"restartedMain","logger":"liquibase.changelog","message":"ChangeSet db/changelog/changes/001-create-roles-table.yaml::001-create-roles-table::carlos ran successfully in 9ms","trace":"","app":"my-springboot-app","env":"local"}
{"@timestamp":"2025-11-15T04:08:25.429195029-05:00","level":"INFO","thread":"restartedMain","logger":"liquibase.ui","message":"Running Changeset: db/changelog/changes/002-create-permissions-table.yaml::002-create-permissions-table::carlos","trace":"","app":"my-springboot-app","env":"local"}
{"@timestamp":"2025-11-15T04:08:25.434932055-05:00","level":"INFO","thread":"restartedMain","logger":"liquibase.changelog","message":"Table permissions created","trace":"","app":"my-springboot-app","env":"local"}
{"@timestamp":"2025-11-15T04:08:25.435722429-05:00","level":"INFO","thread":"restartedMain","logger":"liquibase.changelog","message":"ChangeSet db/changelog/changes/002-create-permissions-table.yaml::002-create-permissions-table::carlos ran successfully in 6ms","trace":"","app":"my-springboot-app","env":"local"}
{"@timestamp":"2025-11-15T04:08:25.439576906-05:00","level":"INFO","thread":"restartedMain","logger":"liquibase.ui","message":"Running Changeset: db/changelog/changes/003-create-role-permissions-table.yaml::003-create-role-permissions-table::carlos","trace":"","app":"my-springboot-app","env":"local"}
{"@timestamp":"2025-11-15T04:08:25.442131476-05:00","level":"INFO","thread":"restartedMain","logger":"liquibase.changelog","message":"Table role_permissions created","trace":"","app":"my-springboot-app","env":"local"}
{"@timestamp":"2025-11-15T04:08:25.445195289-05:00","level":"INFO","thread":"restartedMain","logger":"liquibase.changelog","message":"Primary key added to role_permissions (role_id, permission_id)","trace":"","app":"my-springboot-app","env":"local"}
{"@timestamp":"2025-11-15T04:08:25.448505607-05:00","level":"INFO","thread":"restartedMain","logger":"liquibase.changelog","message":"Foreign key constraint added to role_permissions (role_id)","trace":"","app":"my-springboot-app","env":"local"}
{"@timestamp":"2025-11-15T04:08:25.450583585-05:00","level":"INFO","thread":"restartedMain","logger":"liquibase.changelog","message":"Foreign key constraint added to role_permissions (permission_id)","trace":"","app":"my-springboot-app","env":"local"}
{"@timestamp":"2025-11-15T04:08:25.451273911-05:00","level":"INFO","thread":"restartedMain","logger":"liquibase.changelog","message":"ChangeSet db/changelog/changes/003-create-role-permissions-table.yaml::003-create-role-permissions-table::carlos ran successfully in 12ms","trace":"","app":"my-springboot-app","env":"local"}
{"@timestamp":"2025-11-15T04:08:25.455524156-05:00","level":"INFO","thread":"restartedMain","logger":"liquibase.ui","message":"Running Changeset: db/changelog/changes/004-create-users-table.yaml::004-create-users-table::carlos","trace":"","app":"my-springboot-app","env":"local"}
{"@timestamp":"2025-11-15T04:08:25.462964983-05:00","level":"INFO","thread":"restartedMain","logger":"liquibase.changelog","message":"Table users created","trace":"","app":"my-springboot-app","env":"local"}
{"@timestamp":"2025-11-15T04:08:25.463780435-05:00","level":"INFO","thread":"restartedMain","logger":"liquibase.changelog","message":"ChangeSet db/changelog/changes/004-create-users-table.yaml::004-create-users-table::carlos ran successfully in 8ms","trace":"","app":"my-springboot-app","env":"local"}
{"@timestamp":"2025-11-15T04:08:25.471026804-05:00","level":"INFO","thread":"restartedMain","logger":"liquibase.ui","message":"Running Changeset: db/changelog/changes/005-create-user-roles-table.yaml::005-create-user-roles-table::carlos","trace":"","app":"my-springboot-app","env":"local"}
{"@timestamp":"2025-11-15T04:08:25.473185886-05:00","level":"INFO","thread":"restartedMain","logger":"liquibase.changelog","message":"Table user_roles created","trace":"","app":"my-springboot-app","env":"local"}
{"@timestamp":"2025-11-15T04:08:25.475780752-05:00","level":"INFO","thread":"restartedMain","logger":"liquibase.changelog","message":"Primary key added to user_roles (user_id, role_id)","trace":"","app":"my-springboot-app","env":"local"}
{"@timestamp":"2025-11-15T04:08:25.477991782-05:00","level":"INFO","thread":"restartedMain","logger":"liquibase.changelog","message":"Foreign key constraint added to user_roles (user_id)","trace":"","app":"my-springboot-app","env":"local"}
{"@timestamp":"2025-11-15T04:08:25.47990568-05:00","level":"INFO","thread":"restartedMain","logger":"liquibase.changelog","message":"Foreign key constraint added to user_roles (role_id)","trace":"","app":"my-springboot-app","env":"local"}
{"@timestamp":"2025-11-15T04:08:25.480547744-05:00","level":"INFO","thread":"restartedMain","logger":"liquibase.changelog","message":"ChangeSet db/changelog/changes/005-create-user-roles-table.yaml::005-create-user-roles-table::carlos ran successfully in 9ms","trace":"","app":"my-springboot-app","env":"local"}
{"@timestamp":"2025-11-15T04:08:25.483982557-05:00","level":"INFO","thread":"restartedMain","logger":"liquibase.ui","message":"Running Changeset: db/changelog/changes/006-create-activity-logs-table.yaml::006-create-activity-logs-table::carlos","trace":"","app":"my-springboot-app","env":"local"}
{"@timestamp":"2025-11-15T04:08:25.489054426-05:00","level":"INFO","thread":"restartedMain","logger":"liquibase.changelog","message":"Table activity_logs created","trace":"","app":"my-springboot-app","env":"local"}
{"@timestamp":"2025-11-15T04:08:25.49157951-05:00","level":"INFO","thread":"restartedMain","logger":"liquibase.changelog","message":"Foreign key constraint added to activity_logs (user_id)","trace":"","app":"my-springboot-app","env":"local"}
{"@timestamp":"2025-11-15T04:08:25.492357611-05:00","level":"INFO","thread":"restartedMain","logger":"liquibase.changelog","message":"ChangeSet db/changelog/changes/006-create-activity-logs-table.yaml::006-create-activity-logs-table::carlos ran successfully in 8ms","trace":"","app":"my-springboot-app","env":"local"}
{"@timestamp":"2025-11-15T04:08:25.495745185-05:00","level":"INFO","thread":"restartedMain","logger":"liquibase.ui","message":"Running Changeset: db/changelog/data/007-insert-roles.yaml::007-insert-roles::carlos","trace":"","app":"my-springboot-app","env":"local"}
{"@timestamp":"2025-11-15T04:08:25.49767314-05:00","level":"INFO","thread":"restartedMain","logger":"liquibase.changelog","message":"New row inserted into roles","trace":"","app":"my-springboot-app","env":"local"}
{"@timestamp":"2025-11-15T04:08:25.498684422-05:00","level":"INFO","thread":"restartedMain","logger":"liquibase.changelog","message":"New row inserted into roles","trace":"","app":"my-springboot-app","env":"local"}
{"@timestamp":"2025-11-15T04:08:25.499331696-05:00","level":"INFO","thread":"restartedMain","logger":"liquibase.changelog","message":"ChangeSet db/changelog/data/007-insert-roles.yaml::007-insert-roles::carlos ran successfully in 4ms","trace":"","app":"my-springboot-app","env":"local"}
{"@timestamp":"2025-11-15T04:08:25.503493494-05:00","level":"INFO","thread":"restartedMain","logger":"liquibase.ui","message":"Running Changeset: db/changelog/data/008-insert-permissions.yaml::008-insert-permissions::carlos","trace":"","app":"my-springboot-app","env":"local"}
{"@timestamp":"2025-11-15T04:08:25.505750191-05:00","level":"INFO","thread":"restartedMain","logger":"liquibase.changelog","message":"New row inserted into permissions","trace":"","app":"my-springboot-app","env":"local"}
{"@timestamp":"2025-11-15T04:08:25.507044187-05:00","level":"INFO","thread":"restartedMain","logger":"liquibase.changelog","message":"New row inserted into permissions","trace":"","app":"my-springboot-app","env":"local"}
{"@timestamp":"2025-11-15T04:08:25.508345297-05:00","level":"INFO","thread":"restartedMain","logger":"liquibase.changelog","message":"New row inserted into permissions","trace":"","app":"my-springboot-app","env":"local"}
{"@timestamp":"2025-11-15T04:08:25.509657618-05:00","level":"INFO","thread":"restartedMain","logger":"liquibase.changelog","message":"New row inserted into permissions","trace":"","app":"my-springboot-app","env":"local"}
{"@timestamp":"2025-11-15T04:08:25.510857246-05:00","level":"INFO","thread":"restartedMain","logger":"liquibase.changelog","message":"New row inserted into permissions","trace":"","app":"my-springboot-app","env":"local"}
{"@timestamp":"2025-11-15T04:08:25.51167406-05:00","level":"INFO","thread":"restartedMain","logger":"liquibase.changelog","message":"ChangeSet db/changelog/data/008-insert-permissions.yaml::008-insert-permissions::carlos ran successfully in 8ms","trace":"","app":"my-springboot-app","env":"local"}
{"@timestamp":"2025-11-15T04:08:25.513936778-05:00","level":"INFO","thread":"restartedMain","logger":"liquibase.ui","message":"Running Changeset: db/changelog/data/009-insert-role-permissions.yaml::009-insert-role-permissions-admin::carlos","trace":"","app":"my-springboot-app","env":"local"}
{"@timestamp":"2025-11-15T04:08:25.522691409-05:00","level":"INFO","thread":"restartedMain","logger":"liquibase.changelog","message":"Custom SQL executed","trace":"","app":"my-springboot-app","env":"local"}
{"@timestamp":"2025-11-15T04:08:25.523719993-05:00","level":"INFO","thread":"restartedMain","logger":"liquibase.changelog","message":"ChangeSet db/changelog/data/009-insert-role-permissions.yaml::009-insert-role-permissions-admin::carlos ran successfully in 9ms","trace":"","app":"my-springboot-app","env":"local"}
{"@timestamp":"2025-11-15T04:08:25.525831114-05:00","level":"INFO","thread":"restartedMain","logger":"liquibase.ui","message":"Running Changeset: db/changelog/data/009-insert-role-permissions.yaml::009-insert-role-permissions-user::carlos","trace":"","app":"my-springboot-app","env":"local"}
{"@timestamp":"2025-11-15T04:08:25.527792633-05:00","level":"INFO","thread":"restartedMain","logger":"liquibase.changelog","message":"Custom SQL executed","trace":"","app":"my-springboot-app","env":"local"}
{"@timestamp":"2025-11-15T04:08:25.528495351-05:00","level":"INFO","thread":"restartedMain","logger":"liquibase.changelog","message":"ChangeSet db/changelog/data/009-insert-role-permissions.yaml::009-insert-role-permissions-user::carlos ran successfully in 2ms","trace":"","app":"my-springboot-app","env":"local"}
{"@timestamp":"2025-11-15T04:08:25.53124499-05:00","level":"INFO","thread":"restartedMain","logger":"liquibase.ui","message":"Running Changeset: db/changelog/data/010-insert-test-users.yaml::016-insert-user-admin::carlos","trace":"","app":"my-springboot-app","env":"local"}
{"@timestamp":"2025-11-15T04:08:25.533674072-05:00","level":"INFO","thread":"restartedMain","logger":"liquibase.changelog","message":"New row inserted into users","trace":"","app":"my-springboot-app","env":"local"}
{"@timestamp":"2025-11-15T04:08:25.534411706-05:00","level":"INFO","thread":"restartedMain","logger":"liquibase.changelog","message":"ChangeSet db/changelog/data/010-insert-test-users.yaml::016-insert-user-admin::carlos ran successfully in 3ms","trace":"","app":"my-springboot-app","env":"local"}
{"@timestamp":"2025-11-15T04:08:25.536415515-05:00","level":"INFO","thread":"restartedMain","logger":"liquibase.ui","message":"Running Changeset: db/changelog/data/010-insert-test-users.yaml::017-insert-user-user1::carlos","trace":"","app":"my-springboot-app","env":"local"}
{"@timestamp":"2025-11-15T04:08:25.538028865-05:00","level":"INFO","thread":"restartedMain","logger":"liquibase.changelog","message":"New row inserted into users","trace":"","app":"my-springboot-app","env":"local"}
{"@timestamp":"2025-11-15T04:08:25.53867175-05:00","level":"INFO","thread":"restartedMain","logger":"liquibase.changelog","message":"ChangeSet db/changelog/data/010-insert-test-users.yaml::017-insert-user-user1::carlos ran successfully in 2ms","trace":"","app":"my-springboot-app","env":"local"}
{"@timestamp":"2025-11-15T04:08:25.540863634-05:00","level":"INFO","thread":"restartedMain","logger":"liquibase.ui","message":"Running Changeset: db/changelog/data/011-insert-test-user-roles.yaml::011-insert-user-roles-admin::carlos","trace":"","app":"my-springboot-app","env":"local"}
{"@timestamp":"2025-11-15T04:08:25.543925733-05:00","level":"INFO","thread":"restartedMain","logger":"liquibase.changelog","message":"Custom SQL executed","trace":"","app":"my-springboot-app","env":"local"}
{"@timestamp":"2025-11-15T04:08:25.544836014-05:00","level":"INFO","thread":"restartedMain","logger":"liquibase.changelog","message":"ChangeSet db/changelog/data/011-insert-test-user-roles.yaml::011-insert-user-roles-admin::carlos ran successfully in 3ms","trace":"","app":"my-springboot-app","env":"local"}
{"@timestamp":"2025-11-15T04:08:25.5469921-05:00","level":"INFO","thread":"restartedMain","logger":"liquibase.ui","message":"Running Changeset: db/changelog/data/011-insert-test-user-roles.yaml::011-insert-user-roles-user1::carlos","trace":"","app":"my-springboot-app","env":"local"}
{"@timestamp":"2025-11-15T04:08:25.5494623-05:00","level":"INFO","thread":"restartedMain","logger":"liquibase.changelog","message":"Custom SQL executed","trace":"","app":"my-springboot-app","env":"local"}
{"@timestamp":"2025-11-15T04:08:25.550241163-05:00","level":"INFO","thread":"restartedMain","logger":"liquibase.changelog","message":"ChangeSet db/changelog/data/011-insert-test-user-roles.yaml::011-insert-user-roles-user1::carlos ran successfully in 3ms","trace":"","app":"my-springboot-app","env":"local"}
{"@timestamp":"2025-11-15T04:08:25.555410886-05:00","level":"INFO","thread":"restartedMain","logger":"liquibase.util","message":"UPDATE SUMMARY","trace":"","app":"my-springboot-app","env":"local"}
{"@timestamp":"2025-11-15T04:08:25.555629369-05:00","level":"INFO","thread":"restartedMain","logger":"liquibase.util","message":"Run:                         14","trace":"","app":"my-springboot-app","env":"local"}
{"@timestamp":"2025-11-15T04:08:25.555718438-05:00","level":"INFO","thread":"restartedMain","logger":"liquibase.util","message":"Previously run:               0","trace":"","app":"my-springboot-app","env":"local"}
{"@timestamp":"2025-11-15T04:08:25.555790293-05:00","level":"INFO","thread":"restartedMain","logger":"liquibase.util","message":"Filtered out:                 0","trace":"","app":"my-springboot-app","env":"local"}
{"@timestamp":"2025-11-15T04:08:25.555858973-05:00","level":"INFO","thread":"restartedMain","logger":"liquibase.util","message":"-------------------------------","trace":"","app":"my-springboot-app","env":"local"}
{"@timestamp":"2025-11-15T04:08:25.555916873-05:00","level":"INFO","thread":"restartedMain","logger":"liquibase.util","message":"Total change sets:           14","trace":"","app":"my-springboot-app","env":"local"}
{"@timestamp":"2025-11-15T04:08:25.556427839-05:00","level":"INFO","thread":"restartedMain","logger":"liquibase.util","message":"Update summary generated","trace":"","app":"my-springboot-app","env":"local"}
{"@timestamp":"2025-11-15T04:08:25.557942392-05:00","level":"INFO","thread":"restartedMain","logger":"liquibase.command","message":"Update command completed successfully.","trace":"","app":"my-springboot-app","env":"local"}
{"@timestamp":"2025-11-15T04:08:25.558112934-05:00","level":"INFO","thread":"restartedMain","logger":"liquibase.ui","message":"Liquibase: Update has been successful. Rows affected: 31","trace":"","app":"my-springboot-app","env":"local"}
{"@timestamp":"2025-11-15T04:08:25.55997733-05:00","level":"INFO","thread":"restartedMain","logger":"liquibase.lockservice","message":"Successfully released change log lock","trace":"","app":"my-springboot-app","env":"local"}
{"@timestamp":"2025-11-15T04:08:25.560751483-05:00","level":"INFO","thread":"restartedMain","logger":"liquibase.command","message":"Command execution complete","trace":"","app":"my-springboot-app","env":"local"}
{"@timestamp":"2025-11-15T04:08:25.608517537-05:00","level":"INFO","thread":"restartedMain","logger":"org.hibernate.jpa.internal.util.LogHelper","message":"HHH000204: Processing PersistenceUnitInfo [name: default]","trace":"","app":"my-springboot-app","env":"local"}
{"@timestamp":"2025-11-15T04:08:25.634315159-05:00","level":"INFO","thread":"restartedMain","logger":"org.hibernate.Version","message":"HHH000412: Hibernate ORM core version 6.5.3.Final","trace":"","app":"my-springboot-app","env":"local"}
{"@timestamp":"2025-11-15T04:08:25.650911195-05:00","level":"INFO","thread":"restartedMain","logger":"org.hibernate.cache.internal.RegionFactoryInitiator","message":"HHH000026: Second-level cache disabled","trace":"","app":"my-springboot-app","env":"local"}
{"@timestamp":"2025-11-15T04:08:25.794845901-05:00","level":"INFO","thread":"restartedMain","logger":"org.springframework.orm.jpa.persistenceunit.SpringPersistenceUnitInfo","message":"No LoadTimeWeaver setup: ignoring JPA class transformer","trace":"","app":"my-springboot-app","env":"local"}
{"@timestamp":"2025-11-15T04:08:25.819301234-05:00","level":"WARN","thread":"restartedMain","logger":"org.hibernate.orm.deprecation","message":"HHH90000025: PostgreSQLDialect does not need to be specified explicitly using 'hibernate.dialect' (remove the property setting and it will be selected by default)","trace":"","app":"my-springboot-app","env":"local"}
{"@timestamp":"2025-11-15T04:08:26.288601455-05:00","level":"INFO","thread":"restartedMain","logger":"org.hibernate.engine.transaction.jta.platform.internal.JtaPlatformInitiator","message":"HHH000489: No JTA platform available (set 'hibernate.transaction.jta.platform' to enable JTA platform integration)","trace":"","app":"my-springboot-app","env":"local"}
{"@timestamp":"2025-11-15T04:08:26.310361804-05:00","level":"INFO","thread":"restartedMain","logger":"org.springframework.orm.jpa.LocalContainerEntityManagerFactoryBean","message":"Initialized JPA EntityManagerFactory for persistence unit 'default'","trace":"","app":"my-springboot-app","env":"local"}
{"@timestamp":"2025-11-15T04:08:26.52649448-05:00","level":"WARN","thread":"restartedMain","logger":"org.springframework.boot.autoconfigure.orm.jpa.JpaBaseConfiguration$JpaWebConfiguration","message":"spring.jpa.open-in-view is enabled by default. Therefore, database queries may be performed during view rendering. Explicitly configure spring.jpa.open-in-view to disable this warning","trace":"","app":"my-springboot-app","env":"local"}
{"@timestamp":"2025-11-15T04:08:26.548907352-05:00","level":"INFO","thread":"restartedMain","logger":"org.springframework.security.config.annotation.authentication.configuration.InitializeUserDetailsBeanManagerConfigurer$InitializeUserDetailsManagerConfigurer","message":"Global AuthenticationManager configured with UserDetailsService bean with name customUserDetailsService","trace":"","app":"my-springboot-app","env":"local"}
{"@timestamp":"2025-11-15T04:08:26.885219442-05:00","level":"INFO","thread":"restartedMain","logger":"org.springframework.boot.devtools.autoconfigure.OptionalLiveReloadServer","message":"LiveReload server is running on port 35729","trace":"","app":"my-springboot-app","env":"local"}
{"@timestamp":"2025-11-15T04:08:26.893662795-05:00","level":"INFO","thread":"restartedMain","logger":"org.apache.coyote.http11.Http11NioProtocol","message":"Starting ProtocolHandler [\"http-nio-8080\"]","trace":"","app":"my-springboot-app","env":"local"}
{"@timestamp":"2025-11-15T04:08:26.901677747-05:00","level":"INFO","thread":"restartedMain","logger":"org.springframework.boot.web.embedded.tomcat.TomcatWebServer","message":"Tomcat started on port 8080 (http) with context path '/'","trace":"","app":"my-springboot-app","env":"local"}
{"@timestamp":"2025-11-15T04:08:26.908176263-05:00","level":"INFO","thread":"restartedMain","logger":"com.carloszaragoza.ztrun.ZtRunApplication","message":"Started ZtRunApplication in 3.458 seconds (process running for 3.732)","trace":"","app":"my-springboot-app","env":"local"}
{"@timestamp":"2025-11-15T04:08:35.128465524-05:00","level":"INFO","thread":"http-nio-8080-exec-1","logger":"org.apache.catalina.core.ContainerBase.[Tomcat].[localhost].[/]","message":"Initializing Spring DispatcherServlet 'dispatcherServlet'","trace":"","app":"my-springboot-app","env":"local"}
{"@timestamp":"2025-11-15T04:08:35.128764689-05:00","level":"INFO","thread":"http-nio-8080-exec-1","logger":"org.springframework.web.servlet.DispatcherServlet","message":"Initializing Servlet 'dispatcherServlet'","trace":"","app":"my-springboot-app","env":"local"}
{"@timestamp":"2025-11-15T04:08:35.129729082-05:00","level":"INFO","thread":"http-nio-8080-exec-1","logger":"org.springframework.web.servlet.DispatcherServlet","message":"Completed initialization in 1 ms","trace":"","app":"my-springboot-app","env":"local"}
{"@timestamp":"2025-11-15T04:08:35.361909987-05:00","level":"ERROR","thread":"http-nio-8080-exec-1","logger":"org.apache.catalina.core.ContainerBase.[Tomcat].[localhost].[/].[dispatcherServlet]","message":"Servlet.service() for servlet [dispatcherServlet] in context with path [] threw exception [Request processing failed: java.lang.IllegalArgumentException: Credenciales inválidas] with root cause","trace":"java.lang.IllegalArgumentException: Credenciales inválidas\n\tat com.carloszaragoza.ztrun.application.service.AuthServiceImpl.login(AuthServiceImpl.java:37)\n\tat com.carloszaragoza.ztrun.infrastructure.web.controller.AuthController.login(AuthController.java:24)\n\tat java.base/jdk.internal.reflect.DirectMethodHandleAccessor.invoke(DirectMethodHandleAccessor.java:103)\n\tat java.base/java.lang.reflect.Method.invoke(Method.java:580)\n\tat org.springframework.web.method.support.InvocableHandlerMethod.doInvoke(InvocableHandlerMethod.java:257)\n","app":"my-springboot-app","env":"local"}
{"@timestamp":"2025-11-15T04:08:37.936904205-05:00","level":"ERROR","thread":"http-nio-8080-exec-3","logger":"org.apache.catalina.core.ContainerBase.[Tomcat].[localhost].[/].[dispatcherServlet]","message":"Servlet.service() for servlet [dispatcherServlet] in context with path [] threw exception [Request processing failed: java.lang.IllegalArgumentException: Credenciales inválidas] with root cause","trace":"java.lang.IllegalArgumentException: Credenciales inválidas\n\tat com.carloszaragoza.ztrun.application.service.AuthServiceImpl.login(AuthServiceImpl.java:37)\n\tat com.carloszaragoza.ztrun.infrastructure.web.controller.AuthController.login(AuthController.java:24)\n\tat java.base/jdk.internal.reflect.DirectMethodHandleAccessor.invoke(DirectMethodHandleAccessor.java:103)\n\tat java.base/java.lang.reflect.Method.invoke(Method.java:580)\n\tat org.springframework.web.method.support.InvocableHandlerMethod.doInvoke(InvocableHandlerMethod.java:257)\n","app":"my-springboot-app","env":"local"}
{"@timestamp":"2025-11-15T04:08:47.149345381-05:00","level":"ERROR","thread":"http-nio-8080-exec-4","logger":"org.apache.catalina.core.ContainerBase.[Tomcat].[localhost].[/].[dispatcherServlet]","message":"Servlet.service() for servlet [dispatcherServlet] in context with path [] threw exception [Request processing failed: java.lang.IllegalArgumentException: Credenciales inválidas] with root cause","trace":"java.lang.IllegalArgumentException: Credenciales inválidas\n\tat com.carloszaragoza.ztrun.application.service.AuthServiceImpl.login(AuthServiceImpl.java:37)\n\tat com.carloszaragoza.ztrun.infrastructure.web.controller.AuthController.login(AuthController.java:24)\n\tat java.base/jdk.internal.reflect.DirectMethodHandleAccessor.invoke(DirectMethodHandleAccessor.java:103)\n\tat java.base/java.lang.reflect.Method.invoke(Method.java:580)\n\tat org.springframework.web.method.support.InvocableHandlerMethod.doInvoke(InvocableHandlerMethod.java:257)\n","app":"my-springboot-app","env":"local"}
