{"@timestamp":"2025-11-16T11:51:21.266091802-05:00","level":"INFO","thread":"SpringApplicationShutdownHook","logger":"org.springframework.orm.jpa.LocalContainerEntityManagerFactoryBean","message":"Closing JPA EntityManagerFactory for persistence unit 'default'","trace":"","app":"my-springboot-app","env":"local"}
{"@timestamp":"2025-11-16T11:51:21.268575127-05:00","level":"INFO","thread":"SpringApplicationShutdownHook","logger":"com.zaxxer.hikari.HikariDataSource","message":"HikariPool-1 - Shutdown initiated...","trace":"","app":"my-springboot-app","env":"local"}
{"@timestamp":"2025-11-16T11:51:21.271629565-05:00","level":"INFO","thread":"SpringApplicationShutdownHook","logger":"com.zaxxer.hikari.HikariDataSource","message":"HikariPool-1 - Shutdown completed.","trace":"","app":"my-springboot-app","env":"local"}
{"@timestamp":"2025-11-16T11:52:22.888055364-05:00","level":"INFO","thread":"background-preinit","logger":"org.hibernate.validator.internal.util.Version","message":"HV000001: Hibernate Validator 8.0.1.Final","trace":"","app":"my-springboot-app","env":"local"}
{"@timestamp":"2025-11-16T11:52:22.916842751-05:00","level":"INFO","thread":"restartedMain","logger":"com.carloszaragoza.ztrun.ZtRunApplication","message":"Starting ZtRunApplication using Java 21.0.9 with PID 13794 (/home/carlos/Desktop/zt_run/backend/target/classes started by carlos in /home/carlos/Desktop/zt_run/backend)","trace":"","app":"my-springboot-app","env":"local"}
{"@timestamp":"2025-11-16T11:52:22.917296592-05:00","level":"DEBUG","thread":"restartedMain","logger":"com.carloszaragoza.ztrun.ZtRunApplication","message":"Running with Spring Boot v3.3.5, Spring v6.2.1","trace":"","app":"my-springboot-app","env":"local"}
{"@timestamp":"2025-11-16T11:52:22.917849703-05:00","level":"INFO","thread":"restartedMain","logger":"com.carloszaragoza.ztrun.ZtRunApplication","message":"No active profile set, falling back to 1 default profile: \"default\"","trace":"","app":"my-springboot-app","env":"local"}
{"@timestamp":"2025-11-16T11:52:22.946866609-05:00","level":"INFO","thread":"restartedMain","logger":"org.springframework.boot.devtools.env.DevToolsPropertyDefaultsPostProcessor","message":"Devtools property defaults active! Set 'spring.devtools.add-properties' to 'false' to disable","trace":"","app":"my-springboot-app","env":"local"}
{"@timestamp":"2025-11-16T11:52:22.947122931-05:00","level":"INFO","thread":"restartedMain","logger":"org.springframework.boot.devtools.env.DevToolsPropertyDefaultsPostProcessor","message":"For additional web related logging consider setting the 'logging.level.web' property to 'DEBUG'","trace":"","app":"my-springboot-app","env":"local"}
{"@timestamp":"2025-11-16T11:52:23.45986987-05:00","level":"INFO","thread":"restartedMain","logger":"org.springframework.data.repository.config.RepositoryConfigurationDelegate","message":"Bootstrapping Spring Data JPA repositories in DEFAULT mode.","trace":"","app":"my-springboot-app","env":"local"}
{"@timestamp":"2025-11-16T11:52:23.521483083-05:00","level":"INFO","thread":"restartedMain","logger":"org.springframework.data.repository.config.RepositoryConfigurationDelegate","message":"Finished Spring Data repository scanning in 54 ms. Found 3 JPA repository interfaces.","trace":"","app":"my-springboot-app","env":"local"}
{"@timestamp":"2025-11-16T11:52:23.953127107-05:00","level":"INFO","thread":"restartedMain","logger":"org.springframework.boot.web.embedded.tomcat.TomcatWebServer","message":"Tomcat initialized with port 8080 (http)","trace":"","app":"my-springboot-app","env":"local"}
{"@timestamp":"2025-11-16T11:52:23.961620869-05:00","level":"INFO","thread":"restartedMain","logger":"org.apache.coyote.http11.Http11NioProtocol","message":"Initializing ProtocolHandler [\"http-nio-8080\"]","trace":"","app":"my-springboot-app","env":"local"}
{"@timestamp":"2025-11-16T11:52:23.96384763-05:00","level":"INFO","thread":"restartedMain","logger":"org.apache.catalina.core.StandardService","message":"Starting service [Tomcat]","trace":"","app":"my-springboot-app","env":"local"}
{"@timestamp":"2025-11-16T11:52:23.964141684-05:00","level":"INFO","thread":"restartedMain","logger":"org.apache.catalina.core.StandardEngine","message":"Starting Servlet engine: [Apache Tomcat/10.1.31]","trace":"","app":"my-springboot-app","env":"local"}
{"@timestamp":"2025-11-16T11:52:24.022202083-05:00","level":"INFO","thread":"restartedMain","logger":"org.apache.catalina.core.ContainerBase.[Tomcat].[localhost].[/]","message":"Initializing Spring embedded WebApplicationContext","trace":"","app":"my-springboot-app","env":"local"}
{"@timestamp":"2025-11-16T11:52:24.022678497-05:00","level":"INFO","thread":"restartedMain","logger":"org.springframework.boot.web.servlet.context.ServletWebServerApplicationContext","message":"Root WebApplicationContext: initialization completed in 1075 ms","trace":"","app":"my-springboot-app","env":"local"}
{"@timestamp":"2025-11-16T11:52:24.1151217-05:00","level":"INFO","thread":"restartedMain","logger":"com.zaxxer.hikari.HikariDataSource","message":"HikariPool-1 - Starting...","trace":"","app":"my-springboot-app","env":"local"}
{"@timestamp":"2025-11-16T11:52:24.240168825-05:00","level":"INFO","thread":"restartedMain","logger":"com.zaxxer.hikari.pool.HikariPool","message":"HikariPool-1 - Added connection org.postgresql.jdbc.PgConnection@6b2832a8","trace":"","app":"my-springboot-app","env":"local"}
{"@timestamp":"2025-11-16T11:52:24.241379286-05:00","level":"INFO","thread":"restartedMain","logger":"com.zaxxer.hikari.HikariDataSource","message":"HikariPool-1 - Start completed.","trace":"","app":"my-springboot-app","env":"local"}
{"@timestamp":"2025-11-16T11:52:24.637523225-05:00","level":"INFO","thread":"restartedMain","logger":"liquibase.changelog","message":"Reading from public.databasechangelog","trace":"","app":"my-springboot-app","env":"local"}
{"@timestamp":"2025-11-16T11:52:24.694862493-05:00","level":"INFO","thread":"restartedMain","logger":"liquibase.ui","message":"Database is up to date, no changesets to execute","trace":"","app":"my-springboot-app","env":"local"}
{"@timestamp":"2025-11-16T11:52:24.696278129-05:00","level":"INFO","thread":"restartedMain","logger":"liquibase.changelog","message":"Reading from public.databasechangelog","trace":"","app":"my-springboot-app","env":"local"}
{"@timestamp":"2025-11-16T11:52:24.702677483-05:00","level":"INFO","thread":"restartedMain","logger":"liquibase.util","message":"UPDATE SUMMARY","trace":"","app":"my-springboot-app","env":"local"}
{"@timestamp":"2025-11-16T11:52:24.702871185-05:00","level":"INFO","thread":"restartedMain","logger":"liquibase.util","message":"Run:                          0","trace":"","app":"my-springboot-app","env":"local"}
{"@timestamp":"2025-11-16T11:52:24.702947682-05:00","level":"INFO","thread":"restartedMain","logger":"liquibase.util","message":"Previously run:              19","trace":"","app":"my-springboot-app","env":"local"}
{"@timestamp":"2025-11-16T11:52:24.703016173-05:00","level":"INFO","thread":"restartedMain","logger":"liquibase.util","message":"Filtered out:                 0","trace":"","app":"my-springboot-app","env":"local"}
{"@timestamp":"2025-11-16T11:52:24.703097228-05:00","level":"INFO","thread":"restartedMain","logger":"liquibase.util","message":"-------------------------------","trace":"","app":"my-springboot-app","env":"local"}
{"@timestamp":"2025-11-16T11:52:24.703161452-05:00","level":"INFO","thread":"restartedMain","logger":"liquibase.util","message":"Total change sets:           19","trace":"","app":"my-springboot-app","env":"local"}
{"@timestamp":"2025-11-16T11:52:24.703576768-05:00","level":"INFO","thread":"restartedMain","logger":"liquibase.util","message":"Update summary generated","trace":"","app":"my-springboot-app","env":"local"}
{"@timestamp":"2025-11-16T11:52:24.718445109-05:00","level":"INFO","thread":"restartedMain","logger":"liquibase.lockservice","message":"Successfully released change log lock","trace":"","app":"my-springboot-app","env":"local"}
{"@timestamp":"2025-11-16T11:52:24.71994683-05:00","level":"INFO","thread":"restartedMain","logger":"liquibase.command","message":"Command execution complete","trace":"","app":"my-springboot-app","env":"local"}
{"@timestamp":"2025-11-16T11:52:24.788308921-05:00","level":"INFO","thread":"restartedMain","logger":"org.hibernate.jpa.internal.util.LogHelper","message":"HHH000204: Processing PersistenceUnitInfo [name: default]","trace":"","app":"my-springboot-app","env":"local"}
{"@timestamp":"2025-11-16T11:52:24.828057897-05:00","level":"INFO","thread":"restartedMain","logger":"org.hibernate.Version","message":"HHH000412: Hibernate ORM core version 6.5.3.Final","trace":"","app":"my-springboot-app","env":"local"}
{"@timestamp":"2025-11-16T11:52:24.851490275-05:00","level":"INFO","thread":"restartedMain","logger":"org.hibernate.cache.internal.RegionFactoryInitiator","message":"HHH000026: Second-level cache disabled","trace":"","app":"my-springboot-app","env":"local"}
{"@timestamp":"2025-11-16T11:52:25.043672749-05:00","level":"INFO","thread":"restartedMain","logger":"org.springframework.orm.jpa.persistenceunit.SpringPersistenceUnitInfo","message":"No LoadTimeWeaver setup: ignoring JPA class transformer","trace":"","app":"my-springboot-app","env":"local"}
{"@timestamp":"2025-11-16T11:52:25.072903059-05:00","level":"WARN","thread":"restartedMain","logger":"org.hibernate.orm.deprecation","message":"HHH90000025: PostgreSQLDialect does not need to be specified explicitly using 'hibernate.dialect' (remove the property setting and it will be selected by default)","trace":"","app":"my-springboot-app","env":"local"}
{"@timestamp":"2025-11-16T11:52:25.595018741-05:00","level":"INFO","thread":"restartedMain","logger":"org.hibernate.engine.transaction.jta.platform.internal.JtaPlatformInitiator","message":"HHH000489: No JTA platform available (set 'hibernate.transaction.jta.platform' to enable JTA platform integration)","trace":"","app":"my-springboot-app","env":"local"}
{"@timestamp":"2025-11-16T11:52:25.617215349-05:00","level":"INFO","thread":"restartedMain","logger":"org.springframework.orm.jpa.LocalContainerEntityManagerFactoryBean","message":"Initialized JPA EntityManagerFactory for persistence unit 'default'","trace":"","app":"my-springboot-app","env":"local"}
{"@timestamp":"2025-11-16T11:52:25.881204082-05:00","level":"WARN","thread":"restartedMain","logger":"org.springframework.boot.autoconfigure.orm.jpa.JpaBaseConfiguration$JpaWebConfiguration","message":"spring.jpa.open-in-view is enabled by default. Therefore, database queries may be performed during view rendering. Explicitly configure spring.jpa.open-in-view to disable this warning","trace":"","app":"my-springboot-app","env":"local"}
{"@timestamp":"2025-11-16T11:52:25.902474965-05:00","level":"INFO","thread":"restartedMain","logger":"org.springframework.security.config.annotation.authentication.configuration.InitializeUserDetailsBeanManagerConfigurer$InitializeUserDetailsManagerConfigurer","message":"Global AuthenticationManager configured with UserDetailsService bean with name customUserDetailsService","trace":"","app":"my-springboot-app","env":"local"}
{"@timestamp":"2025-11-16T11:52:26.264762721-05:00","level":"INFO","thread":"restartedMain","logger":"org.springframework.boot.devtools.autoconfigure.OptionalLiveReloadServer","message":"LiveReload server is running on port 35729","trace":"","app":"my-springboot-app","env":"local"}
{"@timestamp":"2025-11-16T11:52:26.2730038-05:00","level":"INFO","thread":"restartedMain","logger":"org.apache.coyote.http11.Http11NioProtocol","message":"Starting ProtocolHandler [\"http-nio-8080\"]","trace":"","app":"my-springboot-app","env":"local"}
{"@timestamp":"2025-11-16T11:52:26.280663362-05:00","level":"INFO","thread":"restartedMain","logger":"org.springframework.boot.web.embedded.tomcat.TomcatWebServer","message":"Tomcat started on port 8080 (http) with context path '/'","trace":"","app":"my-springboot-app","env":"local"}
{"@timestamp":"2025-11-16T11:52:26.286705914-05:00","level":"INFO","thread":"restartedMain","logger":"com.carloszaragoza.ztrun.ZtRunApplication","message":"Started ZtRunApplication in 3.914 seconds (process running for 4.255)","trace":"","app":"my-springboot-app","env":"local"}
{"@timestamp":"2025-11-16T11:53:57.829723553-05:00","level":"INFO","thread":"http-nio-8080-exec-1","logger":"org.apache.catalina.core.ContainerBase.[Tomcat].[localhost].[/]","message":"Initializing Spring DispatcherServlet 'dispatcherServlet'","trace":"","app":"my-springboot-app","env":"local"}
{"@timestamp":"2025-11-16T11:53:57.830236629-05:00","level":"INFO","thread":"http-nio-8080-exec-1","logger":"org.springframework.web.servlet.DispatcherServlet","message":"Initializing Servlet 'dispatcherServlet'","trace":"","app":"my-springboot-app","env":"local"}
{"@timestamp":"2025-11-16T11:53:57.831234256-05:00","level":"INFO","thread":"http-nio-8080-exec-1","logger":"org.springframework.web.servlet.DispatcherServlet","message":"Completed initialization in 1 ms","trace":"","app":"my-springboot-app","env":"local"}
{"@timestamp":"2025-11-16T11:53:57.847015738-05:00","level":"WARN","thread":"http-nio-8080-exec-1","logger":"org.springframework.web.servlet.mvc.support.DefaultHandlerExceptionResolver","message":"Resolved [org.springframework.web.HttpRequestMethodNotSupportedException: Request method 'GET' is not supported]","trace":"","app":"my-springboot-app","env":"local"}
{"@timestamp":"2025-11-16T11:56:50.3894173-05:00","level":"WARN","thread":"http-nio-8080-exec-3","logger":"org.springframework.web.servlet.mvc.support.DefaultHandlerExceptionResolver","message":"Resolved [org.springframework.web.HttpRequestMethodNotSupportedException: Request method 'GET' is not supported]","trace":"","app":"my-springboot-app","env":"local"}
{"@timestamp":"2025-11-16T11:59:03.238378968-05:00","level":"WARN","thread":"http-nio-8080-exec-5","logger":"org.springframework.web.servlet.mvc.support.DefaultHandlerExceptionResolver","message":"Resolved [org.springframework.web.HttpRequestMethodNotSupportedException: Request method 'GET' is not supported]","trace":"","app":"my-springboot-app","env":"local"}
{"@timestamp":"2025-11-16T11:59:11.392057094-05:00","level":"INFO","thread":"SpringApplicationShutdownHook","logger":"org.springframework.orm.jpa.LocalContainerEntityManagerFactoryBean","message":"Closing JPA EntityManagerFactory for persistence unit 'default'","trace":"","app":"my-springboot-app","env":"local"}
{"@timestamp":"2025-11-16T11:59:11.393874829-05:00","level":"INFO","thread":"SpringApplicationShutdownHook","logger":"com.zaxxer.hikari.HikariDataSource","message":"HikariPool-1 - Shutdown initiated...","trace":"","app":"my-springboot-app","env":"local"}
{"@timestamp":"2025-11-16T11:59:11.395885846-05:00","level":"INFO","thread":"SpringApplicationShutdownHook","logger":"com.zaxxer.hikari.HikariDataSource","message":"HikariPool-1 - Shutdown completed.","trace":"","app":"my-springboot-app","env":"local"}
{"@timestamp":"2025-11-16T11:59:29.806386782-05:00","level":"INFO","thread":"background-preinit","logger":"org.hibernate.validator.internal.util.Version","message":"HV000001: Hibernate Validator 8.0.1.Final","trace":"","app":"my-springboot-app","env":"local"}
{"@timestamp":"2025-11-16T11:59:29.827066425-05:00","level":"INFO","thread":"restartedMain","logger":"com.carloszaragoza.ztrun.ZtRunApplication","message":"Starting ZtRunApplication using Java 21.0.9 with PID 15634 (/home/carlos/Desktop/zt_run/backend/target/classes started by carlos in /home/carlos/Desktop/zt_run/backend)","trace":"","app":"my-springboot-app","env":"local"}
{"@timestamp":"2025-11-16T11:59:29.827522975-05:00","level":"DEBUG","thread":"restartedMain","logger":"com.carloszaragoza.ztrun.ZtRunApplication","message":"Running with Spring Boot v3.3.5, Spring v6.2.1","trace":"","app":"my-springboot-app","env":"local"}
{"@timestamp":"2025-11-16T11:59:29.828129795-05:00","level":"INFO","thread":"restartedMain","logger":"com.carloszaragoza.ztrun.ZtRunApplication","message":"No active profile set, falling back to 1 default profile: \"default\"","trace":"","app":"my-springboot-app","env":"local"}
{"@timestamp":"2025-11-16T11:59:29.856428378-05:00","level":"INFO","thread":"restartedMain","logger":"org.springframework.boot.devtools.env.DevToolsPropertyDefaultsPostProcessor","message":"Devtools property defaults active! Set 'spring.devtools.add-properties' to 'false' to disable","trace":"","app":"my-springboot-app","env":"local"}
{"@timestamp":"2025-11-16T11:59:29.856633363-05:00","level":"INFO","thread":"restartedMain","logger":"org.springframework.boot.devtools.env.DevToolsPropertyDefaultsPostProcessor","message":"For additional web related logging consider setting the 'logging.level.web' property to 'DEBUG'","trace":"","app":"my-springboot-app","env":"local"}
{"@timestamp":"2025-11-16T11:59:30.295192386-05:00","level":"INFO","thread":"restartedMain","logger":"org.springframework.data.repository.config.RepositoryConfigurationDelegate","message":"Bootstrapping Spring Data JPA repositories in DEFAULT mode.","trace":"","app":"my-springboot-app","env":"local"}
{"@timestamp":"2025-11-16T11:59:30.332258313-05:00","level":"INFO","thread":"restartedMain","logger":"org.springframework.data.repository.config.RepositoryConfigurationDelegate","message":"Finished Spring Data repository scanning in 32 ms. Found 3 JPA repository interfaces.","trace":"","app":"my-springboot-app","env":"local"}
{"@timestamp":"2025-11-16T11:59:30.741295306-05:00","level":"INFO","thread":"restartedMain","logger":"org.springframework.boot.web.embedded.tomcat.TomcatWebServer","message":"Tomcat initialized with port 8080 (http)","trace":"","app":"my-springboot-app","env":"local"}
{"@timestamp":"2025-11-16T11:59:30.747691138-05:00","level":"INFO","thread":"restartedMain","logger":"org.apache.coyote.http11.Http11NioProtocol","message":"Initializing ProtocolHandler [\"http-nio-8080\"]","trace":"","app":"my-springboot-app","env":"local"}
{"@timestamp":"2025-11-16T11:59:30.749627832-05:00","level":"INFO","thread":"restartedMain","logger":"org.apache.catalina.core.StandardService","message":"Starting service [Tomcat]","trace":"","app":"my-springboot-app","env":"local"}
{"@timestamp":"2025-11-16T11:59:30.749832657-05:00","level":"INFO","thread":"restartedMain","logger":"org.apache.catalina.core.StandardEngine","message":"Starting Servlet engine: [Apache Tomcat/10.1.31]","trace":"","app":"my-springboot-app","env":"local"}
{"@timestamp":"2025-11-16T11:59:30.781856283-05:00","level":"INFO","thread":"restartedMain","logger":"org.apache.catalina.core.ContainerBase.[Tomcat].[localhost].[/]","message":"Initializing Spring embedded WebApplicationContext","trace":"","app":"my-springboot-app","env":"local"}
{"@timestamp":"2025-11-16T11:59:30.782210806-05:00","level":"INFO","thread":"restartedMain","logger":"org.springframework.boot.web.servlet.context.ServletWebServerApplicationContext","message":"Root WebApplicationContext: initialization completed in 926 ms","trace":"","app":"my-springboot-app","env":"local"}
{"@timestamp":"2025-11-16T11:59:30.864837059-05:00","level":"INFO","thread":"restartedMain","logger":"com.zaxxer.hikari.HikariDataSource","message":"HikariPool-1 - Starting...","trace":"","app":"my-springboot-app","env":"local"}
{"@timestamp":"2025-11-16T11:59:30.965855064-05:00","level":"INFO","thread":"restartedMain","logger":"com.zaxxer.hikari.pool.HikariPool","message":"HikariPool-1 - Added connection org.postgresql.jdbc.PgConnection@20543163","trace":"","app":"my-springboot-app","env":"local"}
{"@timestamp":"2025-11-16T11:59:30.967081078-05:00","level":"INFO","thread":"restartedMain","logger":"com.zaxxer.hikari.HikariDataSource","message":"HikariPool-1 - Start completed.","trace":"","app":"my-springboot-app","env":"local"}
{"@timestamp":"2025-11-16T11:59:31.297121518-05:00","level":"INFO","thread":"restartedMain","logger":"liquibase.changelog","message":"Reading from public.databasechangelog","trace":"","app":"my-springboot-app","env":"local"}
{"@timestamp":"2025-11-16T11:59:31.361671719-05:00","level":"INFO","thread":"restartedMain","logger":"liquibase.ui","message":"Database is up to date, no changesets to execute","trace":"","app":"my-springboot-app","env":"local"}
{"@timestamp":"2025-11-16T11:59:31.363110513-05:00","level":"INFO","thread":"restartedMain","logger":"liquibase.changelog","message":"Reading from public.databasechangelog","trace":"","app":"my-springboot-app","env":"local"}
{"@timestamp":"2025-11-16T11:59:31.372794796-05:00","level":"INFO","thread":"restartedMain","logger":"liquibase.util","message":"UPDATE SUMMARY","trace":"","app":"my-springboot-app","env":"local"}
{"@timestamp":"2025-11-16T11:59:31.373107359-05:00","level":"INFO","thread":"restartedMain","logger":"liquibase.util","message":"Run:                          0","trace":"","app":"my-springboot-app","env":"local"}
{"@timestamp":"2025-11-16T11:59:31.373259031-05:00","level":"INFO","thread":"restartedMain","logger":"liquibase.util","message":"Previously run:              19","trace":"","app":"my-springboot-app","env":"local"}
{"@timestamp":"2025-11-16T11:59:31.373359164-05:00","level":"INFO","thread":"restartedMain","logger":"liquibase.util","message":"Filtered out:                 0","trace":"","app":"my-springboot-app","env":"local"}
{"@timestamp":"2025-11-16T11:59:31.373461872-05:00","level":"INFO","thread":"restartedMain","logger":"liquibase.util","message":"-------------------------------","trace":"","app":"my-springboot-app","env":"local"}
{"@timestamp":"2025-11-16T11:59:31.37354861-05:00","level":"INFO","thread":"restartedMain","logger":"liquibase.util","message":"Total change sets:           19","trace":"","app":"my-springboot-app","env":"local"}
{"@timestamp":"2025-11-16T11:59:31.374193723-05:00","level":"INFO","thread":"restartedMain","logger":"liquibase.util","message":"Update summary generated","trace":"","app":"my-springboot-app","env":"local"}
{"@timestamp":"2025-11-16T11:59:31.391127313-05:00","level":"INFO","thread":"restartedMain","logger":"liquibase.lockservice","message":"Successfully released change log lock","trace":"","app":"my-springboot-app","env":"local"}
{"@timestamp":"2025-11-16T11:59:31.392802553-05:00","level":"INFO","thread":"restartedMain","logger":"liquibase.command","message":"Command execution complete","trace":"","app":"my-springboot-app","env":"local"}
{"@timestamp":"2025-11-16T11:59:31.437856293-05:00","level":"INFO","thread":"restartedMain","logger":"org.hibernate.jpa.internal.util.LogHelper","message":"HHH000204: Processing PersistenceUnitInfo [name: default]","trace":"","app":"my-springboot-app","env":"local"}
{"@timestamp":"2025-11-16T11:59:31.464122347-05:00","level":"INFO","thread":"restartedMain","logger":"org.hibernate.Version","message":"HHH000412: Hibernate ORM core version 6.5.3.Final","trace":"","app":"my-springboot-app","env":"local"}
{"@timestamp":"2025-11-16T11:59:31.481679289-05:00","level":"INFO","thread":"restartedMain","logger":"org.hibernate.cache.internal.RegionFactoryInitiator","message":"HHH000026: Second-level cache disabled","trace":"","app":"my-springboot-app","env":"local"}
{"@timestamp":"2025-11-16T11:59:31.628554193-05:00","level":"INFO","thread":"restartedMain","logger":"org.springframework.orm.jpa.persistenceunit.SpringPersistenceUnitInfo","message":"No LoadTimeWeaver setup: ignoring JPA class transformer","trace":"","app":"my-springboot-app","env":"local"}
{"@timestamp":"2025-11-16T11:59:31.65120718-05:00","level":"WARN","thread":"restartedMain","logger":"org.hibernate.orm.deprecation","message":"HHH90000025: PostgreSQLDialect does not need to be specified explicitly using 'hibernate.dialect' (remove the property setting and it will be selected by default)","trace":"","app":"my-springboot-app","env":"local"}
{"@timestamp":"2025-11-16T11:59:32.13547375-05:00","level":"INFO","thread":"restartedMain","logger":"org.hibernate.engine.transaction.jta.platform.internal.JtaPlatformInitiator","message":"HHH000489: No JTA platform available (set 'hibernate.transaction.jta.platform' to enable JTA platform integration)","trace":"","app":"my-springboot-app","env":"local"}
{"@timestamp":"2025-11-16T11:59:32.158328617-05:00","level":"INFO","thread":"restartedMain","logger":"org.springframework.orm.jpa.LocalContainerEntityManagerFactoryBean","message":"Initialized JPA EntityManagerFactory for persistence unit 'default'","trace":"","app":"my-springboot-app","env":"local"}
{"@timestamp":"2025-11-16T11:59:32.38113592-05:00","level":"WARN","thread":"restartedMain","logger":"org.springframework.boot.autoconfigure.orm.jpa.JpaBaseConfiguration$JpaWebConfiguration","message":"spring.jpa.open-in-view is enabled by default. Therefore, database queries may be performed during view rendering. Explicitly configure spring.jpa.open-in-view to disable this warning","trace":"","app":"my-springboot-app","env":"local"}
{"@timestamp":"2025-11-16T11:59:32.40072435-05:00","level":"INFO","thread":"restartedMain","logger":"org.springframework.security.config.annotation.authentication.configuration.InitializeUserDetailsBeanManagerConfigurer$InitializeUserDetailsManagerConfigurer","message":"Global AuthenticationManager configured with UserDetailsService bean with name customUserDetailsService","trace":"","app":"my-springboot-app","env":"local"}
{"@timestamp":"2025-11-16T11:59:32.693023412-05:00","level":"INFO","thread":"restartedMain","logger":"org.springframework.boot.devtools.autoconfigure.OptionalLiveReloadServer","message":"LiveReload server is running on port 35729","trace":"","app":"my-springboot-app","env":"local"}
{"@timestamp":"2025-11-16T11:59:32.700764699-05:00","level":"INFO","thread":"restartedMain","logger":"org.apache.coyote.http11.Http11NioProtocol","message":"Starting ProtocolHandler [\"http-nio-8080\"]","trace":"","app":"my-springboot-app","env":"local"}
{"@timestamp":"2025-11-16T11:59:32.709630794-05:00","level":"INFO","thread":"restartedMain","logger":"org.springframework.boot.web.embedded.tomcat.TomcatWebServer","message":"Tomcat started on port 8080 (http) with context path '/'","trace":"","app":"my-springboot-app","env":"local"}
{"@timestamp":"2025-11-16T11:59:32.716043058-05:00","level":"INFO","thread":"restartedMain","logger":"com.carloszaragoza.ztrun.ZtRunApplication","message":"Started ZtRunApplication in 3.358 seconds (process running for 3.655)","trace":"","app":"my-springboot-app","env":"local"}
{"@timestamp":"2025-11-16T12:00:01.544974908-05:00","level":"INFO","thread":"SpringApplicationShutdownHook","logger":"org.springframework.orm.jpa.LocalContainerEntityManagerFactoryBean","message":"Closing JPA EntityManagerFactory for persistence unit 'default'","trace":"","app":"my-springboot-app","env":"local"}
{"@timestamp":"2025-11-16T12:00:01.546775589-05:00","level":"INFO","thread":"SpringApplicationShutdownHook","logger":"com.zaxxer.hikari.HikariDataSource","message":"HikariPool-1 - Shutdown initiated...","trace":"","app":"my-springboot-app","env":"local"}
{"@timestamp":"2025-11-16T12:00:01.550372773-05:00","level":"INFO","thread":"SpringApplicationShutdownHook","logger":"com.zaxxer.hikari.HikariDataSource","message":"HikariPool-1 - Shutdown completed.","trace":"","app":"my-springboot-app","env":"local"}
